
> build
> next build

Γû▓ Next.js 16.2.2 (Turbopack)

  Creating an optimized production build ...
